list([1, 2, 3]) -> [1, 2, 3]
tuple([1, 2, 3]) -> (1, 2, 3) (within: <class 'object'>)
